V3 8
FL /home/hamza/VHDL/counter8b/counter8b/clock_divider.vhd 2024/05/14.00:22:56 P.20131013
EN work/clock_divider 1715639688 \
      FL /home/hamza/VHDL/counter8b/counter8b/clock_divider.vhd \
      PB ieee/std_logic_1164 1381692176 PB ieee/NUMERIC_STD 1381692181
AR work/clock_divider/Behavioral 1715639689 \
      FL /home/hamza/VHDL/counter8b/counter8b/clock_divider.vhd \
      EN work/clock_divider 1715639688
FL /home/hamza/VHDL/counter8b/counter8b/counter8.vhd 2024/05/14.00:34:00 P.20131013
EN work/counter8b 1715639690 FL /home/hamza/VHDL/counter8b/counter8b/counter8.vhd \
      PB ieee/std_logic_1164 1381692176 PB ieee/NUMERIC_STD 1381692181
AR work/counter8b/Behavioral 1715639691 \
      FL /home/hamza/VHDL/counter8b/counter8b/counter8.vhd EN work/counter8b 1715639690 \
      CP Clock_Divider
FL /home/hamza/VHDL/counter8b/counter8b/counter8b.vhd 2024/05/13.21:17:12 P.20131013
