--------------------------------------------------------------------------------
Release 14.7 Trace  (lin64)
Copyright (c) 1995-2013 Xilinx, Inc.  All rights reserved.

/opt/Xilinx/14.7/ISE_DS/ISE/bin/lin64/unwrapped/trce -intstyle ise -v 3 -s 4 -n
3 -fastpaths -xml dekoder3_8.twx dekoder3_8.ncd -o dekoder3_8.twr
dekoder3_8.pcf

Design file:              dekoder3_8.ncd
Physical constraint file: dekoder3_8.pcf
Device,package,speed:     xc3s1500,fg676,-4 (PRODUCTION 1.39 2013-10-13)
Report level:             verbose report

Environment Variable      Effect 
--------------------      ------ 
NONE                      No environment variables were set
--------------------------------------------------------------------------------

INFO:Timing:2698 - No timing constraints found, doing default enumeration.
INFO:Timing:3412 - To improve timing, see the Timing Closure User Guide (UG612).
INFO:Timing:2752 - To get complete path coverage, use the unconstrained paths 
   option. All paths that are not constrained will be reported in the 
   unconstrained paths section(s) of the report.
INFO:Timing:3339 - The clock-to-out numbers in this timing report are based on 
   a 50 Ohm transmission line loading model.  For the details of this model, 
   and for more information on accounting for different loading conditions, 
   please see the device datasheet.
INFO:Timing:3390 - This architecture does not support a default System Jitter 
   value, please add SYSTEM_JITTER constraint to the UCF to modify the Clock 
   Uncertainty calculation.
INFO:Timing:3389 - This architecture does not support 'Discrete Jitter' and 
   'Phase Error' calculations, these terms will be zero in the Clock 
   Uncertainty calculation.  Please make appropriate modification to 
   SYSTEM_JITTER to account for the unsupported Discrete Jitter and Phase 
   Error.



Data Sheet report:
-----------------
All values displayed in nanoseconds (ns)

Pad to Pad
---------------+---------------+---------+
Source Pad     |Destination Pad|  Delay  |
---------------+---------------+---------+
EN             |Y_OUT<0>       |    7.250|
EN             |Y_OUT<1>       |    7.152|
EN             |Y_OUT<2>       |    7.847|
EN             |Y_OUT<3>       |    7.772|
EN             |Y_OUT<4>       |    8.239|
EN             |Y_OUT<5>       |    8.164|
EN             |Y_OUT<6>       |    8.038|
EN             |Y_OUT<7>       |    8.315|
X_IN<0>        |Y_OUT<0>       |    7.240|
X_IN<0>        |Y_OUT<1>       |    7.184|
X_IN<0>        |Y_OUT<2>       |    7.970|
X_IN<0>        |Y_OUT<3>       |    7.986|
X_IN<0>        |Y_OUT<4>       |    8.362|
X_IN<0>        |Y_OUT<5>       |    8.378|
X_IN<0>        |Y_OUT<6>       |    8.137|
X_IN<0>        |Y_OUT<7>       |    8.456|
X_IN<1>        |Y_OUT<0>       |    7.356|
X_IN<1>        |Y_OUT<1>       |    7.378|
X_IN<1>        |Y_OUT<2>       |    7.749|
X_IN<1>        |Y_OUT<3>       |    7.759|
X_IN<1>        |Y_OUT<4>       |    8.141|
X_IN<1>        |Y_OUT<5>       |    8.151|
X_IN<1>        |Y_OUT<6>       |    8.253|
X_IN<1>        |Y_OUT<7>       |    8.650|
---------------+---------------+---------+


Analysis completed Thu May 16 00:55:42 2024 
--------------------------------------------------------------------------------

Trace Settings:
-------------------------
Trace Settings 

Peak Memory Usage: 334 MB



