AR dekoder2_4 behavioral /home/hamza/VHDL/combination_circuit_sensitive_to_process/dekoder2_4.vhd sub00/vhpl02 1715813382
EN dekoder2_4 NULL /home/hamza/VHDL/combination_circuit_sensitive_to_process/dekoder2_4.vhd sub00/vhpl01 1715813381
EN dekoder3_8 NULL /home/hamza/VHDL/combination_circuit_sensitive_to_process/dekoder3_8.vhd sub00/vhpl00 1715813383
AR dekoder3_8 behavioral /home/hamza/VHDL/combination_circuit_sensitive_to_process/dekoder3_8.vhd sub00/vhpl03 1715813384
