V3 7
FL /home/hamza/VHDL/combination_circuit_sensitive_to_process/dekoder2_4.vhd 2024/05/16.00:43:44 P.20131013
EN work/dekoder2_4 1715813381 \
      FL /home/hamza/VHDL/combination_circuit_sensitive_to_process/dekoder2_4.vhd \
      PB ieee/std_logic_1164 1381692176
AR work/dekoder2_4/Behavioral 1715813382 \
      FL /home/hamza/VHDL/combination_circuit_sensitive_to_process/dekoder2_4.vhd \
      EN work/dekoder2_4 1715813381
FL /home/hamza/VHDL/combination_circuit_sensitive_to_process/dekoder3_8.vhd 2024/05/16.00:45:16 P.20131013
EN work/dekoder3_8 1715813383 \
      FL /home/hamza/VHDL/combination_circuit_sensitive_to_process/dekoder3_8.vhd \
      PB ieee/std_logic_1164 1381692176
AR work/dekoder3_8/Behavioral 1715813384 \
      FL /home/hamza/VHDL/combination_circuit_sensitive_to_process/dekoder3_8.vhd \
      EN work/dekoder3_8 1715813383 CP dekoder2_4
